########################################
# Program: needle
# Rundate: Thu 16 Jan 2014 17:48:02
# Commandline: needle
#    [-asequence] ./data_annot/hsa.66/prot_seq/ENST00000356/ENST00000356140.fa
#    [-bsequence] ./data_annot/hsa.66/prot_seq/ENST00000392/ENST00000392928.fa
#    -auto
#    [-outfile] stdout
# Align_format: srspair
# Report_file: stdout
########################################

#=======================================
#
# Aligned_sequences: 2
# 1: ENSG00000153086_ENST00000356140
# 2: ENSG00000153086_ENST00000392928
# Matrix: EBLOSUM62
# Gap_penalty: 10.0
# Extend_penalty: 0.5
#
# Length: 340
# Identity:     255/340 (75.0%)
# Similarity:   261/340 (76.8%)
# Gaps:          66/340 (19.4%)
# Score: 1344.0
# 
#
#=======================================

ENSG000001530      1 MKIDIHSHILPKEWPDLKKRFGYGGWVQLQHHSKGEAKLLKDGKVFRVVR     50
                                                                       
ENSG000001530      0 --------------------------------------------------      0

ENSG000001530     51 ENCWDPEVRIREMDQKGVTVQALSTV-PVMFSYW---AKPEDTLNLCQLL     96
                                 |.:.....:.::.: ..:...|   |||||||||||||
ENSG000001530      1 ------------MGKSSEWCERIAGIQKFVLEKWTKKAKPEDTLNLCQLL     38

ENSG000001530     97 NNDLASTVVSYPRRFVGLGTLPMQAPELAVKEMERCVKELGFPGVQIGTH    146
                     ||||||||||||||||||||||||||||||||||||||||||||||||||
ENSG000001530     39 NNDLASTVVSYPRRFVGLGTLPMQAPELAVKEMERCVKELGFPGVQIGTH     88

ENSG000001530    147 VNEWDLNAQELFPVYAAAERLKCSLFVHPWDMQMDGRMAKYWLPWLVGMP    196
                     ||||||||||||||||||||||||||||||||||||||||||||||||||
ENSG000001530     89 VNEWDLNAQELFPVYAAAERLKCSLFVHPWDMQMDGRMAKYWLPWLVGMP    138

ENSG000001530    197 AETTIAICSMIMGGVFEKFPKLKVCFAHGGGAFPFTVGRISHGFSMRPDL    246
                     ||||||||||||||||||||||||||||||||||||||||||||||||||
ENSG000001530    139 AETTIAICSMIMGGVFEKFPKLKVCFAHGGGAFPFTVGRISHGFSMRPDL    188

ENSG000001530    247 CAQDNPMNPKKYLGSFYTDALVHDPLSLKLLTDVIGKDKVILGTDYPFPL    296
                     ||||||||||||||||||||||||||||||||||||||||||||||||||
ENSG000001530    189 CAQDNPMNPKKYLGSFYTDALVHDPLSLKLLTDVIGKDKVILGTDYPFPL    238

ENSG000001530    297 GELEPGKLIESMEEFDEETKNKLKAGNALAFLGLERKQFE    336
                     ||||||||||||||||||||||||||||||||||||||||
ENSG000001530    239 GELEPGKLIESMEEFDEETKNKLKAGNALAFLGLERKQFE    278


#---------------------------------------
#---------------------------------------

# Protein sequences in FASTA format
>ENSG00000153086_ENST00000356140
MKIDIHSHILPKEWPDLKKRFGYGGWVQLQHHSKGEAKLLKDGKVFRVVRENCWDPEVRIREMDQKGVTVQALSTVPVMF
SYWAKPEDTLNLCQLLNNDLASTVVSYPRRFVGLGTLPMQAPELAVKEMERCVKELGFPGVQIGTHVNEWDLNAQELFPV
YAAAERLKCSLFVHPWDMQMDGRMAKYWLPWLVGMPAETTIAICSMIMGGVFEKFPKLKVCFAHGGGAFPFTVGRISHGF
SMRPDLCAQDNPMNPKKYLGSFYTDALVHDPLSLKLLTDVIGKDKVILGTDYPFPLGELEPGKLIESMEEFDEETKNKLK
AGNALAFLGLERKQFE
>ENSG00000153086_ENST00000392928
MGKSSEWCERIAGIQKFVLEKWTKKAKPEDTLNLCQLLNNDLASTVVSYPRRFVGLGTLPMQAPELAVKEMERCVKELGF
PGVQIGTHVNEWDLNAQELFPVYAAAERLKCSLFVHPWDMQMDGRMAKYWLPWLVGMPAETTIAICSMIMGGVFEKFPKL
KVCFAHGGGAFPFTVGRISHGFSMRPDLCAQDNPMNPKKYLGSFYTDALVHDPLSLKLLTDVIGKDKVILGTDYPFPLGE
LEPGKLIESMEEFDEETKNKLKAGNALAFLGLERKQFE
