########################################
# Program: needle
# Rundate: Mon 29 Jul 2013 21:40:38
# Commandline: needle
#    [-asequence] ./data_annot/hsa/_ensembl66.prot_seq/ENST00000373/ENST00000373616.fa
#    [-bsequence] ./data_annot/hsa/_ensembl66.prot_seq/ENST00000373/ENST00000373627.fa
#    -auto
#    [-outfile] stdout
# Align_format: srspair
# Report_file: stdout
########################################

#=======================================
#
# Aligned_sequences: 2
# 1: ENSG00000137409_ENST00000373616
# 2: ENSG00000137409_ENST00000373627
# Matrix: EBLOSUM62
# Gap_penalty: 10.0
# Extend_penalty: 0.5
#
# Length: 389
# Identity:     372/389 (95.6%)
# Similarity:   372/389 (95.6%)
# Gaps:          17/389 ( 4.4%)
# Score: 1918.0
# 
#
#=======================================

ENSG000001374      1 MGASDPEVAPWARGGAAGMAGAGAGAGARGGAAAGVEARARDPPPAHRAH     50
                     ||||||||||||||||||||||||||||||||||||||||||||||||||
ENSG000001374      1 MGASDPEVAPWARGGAAGMAGAGAGAGARGGAAAGVEARARDPPPAHRAH     50

ENSG000001374     51 PRHPRPAAQPSARRMDGGSGGLGSGDNAPTTEALFVALGAGVTALSHPLL    100
                     ||||||||||||||||||||||||||||||||||||||||||||||||||
ENSG000001374     51 PRHPRPAAQPSARRMDGGSGGLGSGDNAPTTEALFVALGAGVTALSHPLL    100

ENSG000001374    101 YVKLLIQVGHEPMPPTLGTNVLGRKVLYLPSFFTYAKYIVQVDGKIGLFR    150
                     ||||||||||||||||||||||||||||||||||||||||||||||||||
ENSG000001374    101 YVKLLIQVGHEPMPPTLGTNVLGRKVLYLPSFFTYAKYIVQVDGKIGLFR    150

ENSG000001374    151 GLSPRLMSNALSTVTRGSMKKVFPPDEIEQVSNKDDMKTSLKKVVKETSY    200
                     ||||||||||||||||||||||||||||||||||||||||||||||||||
ENSG000001374    151 GLSPRLMSNALSTVTRGSMKKVFPPDEIEQVSNKDDMKTSLKKVVKETSY    200

ENSG000001374    201 EMMMQCVSRMLAHPLHVISMRCMVQFVGREAKYSGVLSSIGKIFKEEGLL    250
                     ||||||||||||||||||||||||||||||||||||||||||||||||||
ENSG000001374    201 EMMMQCVSRMLAHPLHVISMRCMVQFVGREAKYSGVLSSIGKIFKEEGLL    250

ENSG000001374    251 GFFVGLIPHLLGDVVFLWGCNLLAHFINAYLVDDS---------------    285
                     |||||||||||||||||||||||||||||||||||               
ENSG000001374    251 GFFVGLIPHLLGDVVFLWGCNLLAHFINAYLVDDSVSDTPGGLGNDQNPG    300

ENSG000001374    286 --FSQALAIRSYTKFVMGIAVSMLTYPFLLVGDLMAVNNCGLQAGLPPYS    333
                       ||||||||||||||||||||||||||||||||||||||||||||||||
ENSG000001374    301 SQFSQALAIRSYTKFVMGIAVSMLTYPFLLVGDLMAVNNCGLQAGLPPYS    350

ENSG000001374    334 PVFKSWIHCWKYLSVQGQLFRGSSLLFRRVSSGSCFALE    372
                     |||||||||||||||||||||||||||||||||||||||
ENSG000001374    351 PVFKSWIHCWKYLSVQGQLFRGSSLLFRRVSSGSCFALE    389


#---------------------------------------
#---------------------------------------

# Protein sequences in FASTA format
>ENSG00000137409_ENST00000373616
MGASDPEVAPWARGGAAGMAGAGAGAGARGGAAAGVEARARDPPPAHRAHPRHPRPAAQPSARRMDGGSGGLGSGDNAPT
TEALFVALGAGVTALSHPLLYVKLLIQVGHEPMPPTLGTNVLGRKVLYLPSFFTYAKYIVQVDGKIGLFRGLSPRLMSNA
LSTVTRGSMKKVFPPDEIEQVSNKDDMKTSLKKVVKETSYEMMMQCVSRMLAHPLHVISMRCMVQFVGREAKYSGVLSSI
GKIFKEEGLLGFFVGLIPHLLGDVVFLWGCNLLAHFINAYLVDDSFSQALAIRSYTKFVMGIAVSMLTYPFLLVGDLMAV
NNCGLQAGLPPYSPVFKSWIHCWKYLSVQGQLFRGSSLLFRRVSSGSCFALE
>ENSG00000137409_ENST00000373627
MGASDPEVAPWARGGAAGMAGAGAGAGARGGAAAGVEARARDPPPAHRAHPRHPRPAAQPSARRMDGGSGGLGSGDNAPT
TEALFVALGAGVTALSHPLLYVKLLIQVGHEPMPPTLGTNVLGRKVLYLPSFFTYAKYIVQVDGKIGLFRGLSPRLMSNA
LSTVTRGSMKKVFPPDEIEQVSNKDDMKTSLKKVVKETSYEMMMQCVSRMLAHPLHVISMRCMVQFVGREAKYSGVLSSI
GKIFKEEGLLGFFVGLIPHLLGDVVFLWGCNLLAHFINAYLVDDSVSDTPGGLGNDQNPGSQFSQALAIRSYTKFVMGIA
VSMLTYPFLLVGDLMAVNNCGLQAGLPPYSPVFKSWIHCWKYLSVQGQLFRGSSLLFRRVSSGSCFALE
